FLOW,SUM_PRIOR_WT,SUM_IMBAL_WT
,19974.63819910584,19974.63819910584
1.0,2145915.5501042884,2242668.392963026
2.0,5912297.674282851,5815567.85415883
3.0,4066587.8728659465,4009813.6206431254
4.0,3270091.926816713,3326866.179039702
5.0,631048.0066973264,688575.6604679143
6.0,1124226.0817661067,1066698.4279955209
7.0,936176.3027636183,899920.3137122822
8.0,552936.7520175768,585798.4984134667
