RUN_ID,SHIFT_PORT_GRP_PV,ARRIVEDEPART,WEEKDAY_END_PV,AM_PM_NIGHT_PV,MIGSI,POSS_SHIFT_CROSS,SAMP_SHIFT_CROSS,MIN_SH_WT,MEAN_SH_WT,MAX_SH_WT,COUNT_RESPS,SUM_SH_WT
test-idm-integration-shift-wt,143.0,1.0,1.0,1.0,,42.0,,,,,,
test-idm-integration-shift-wt,143.0,1.0,2.0,1.0,,20.0,,,,,,
test-idm-integration-shift-wt,143.0,2.0,1.0,1.0,,42.0,,,,,,
test-idm-integration-shift-wt,143.0,2.0,2.0,1.0,,20.0,,,,,,
test-idm-integration-shift-wt,144.0,1.0,1.0,1.0,,42.0,,,,,,
test-idm-integration-shift-wt,144.0,1.0,2.0,1.0,,20.0,,,,,,
test-idm-integration-shift-wt,144.0,2.0,1.0,1.0,,42.0,,,,,,
test-idm-integration-shift-wt,144.0,2.0,2.0,1.0,,20.0,,,,,,
test-idm-integration-shift-wt,145.0,1.0,1.0,1.0,,42.0,,,,,,
test-idm-integration-shift-wt,145.0,1.0,2.0,1.0,,20.0,,,,,,
test-idm-integration-shift-wt,145.0,2.0,1.0,1.0,,42.0,,,,,,
test-idm-integration-shift-wt,145.0,2.0,2.0,1.0,,20.0,,,,,,
test-idm-integration-shift-wt,151.0,1.0,,,,,4.0,105.0,135.0,210.0,483.0,65205.0
test-idm-integration-shift-wt,151.0,2.0,,,,,9.0,120.0,137.026,200.0,733.0,100440.0
test-idm-integration-shift-wt,151.0,1.0,1.0,1.0,10.0,42.0,4.0,105.0,105.0,105.0,345.0,36225.0
test-idm-integration-shift-wt,151.0,1.0,1.0,1.0,20.0,42.0,4.0,210.0,210.0,210.0,138.0,28980.0
test-idm-integration-shift-wt,151.0,1.0,2.0,1.0,,20.0,,,,,,
test-idm-integration-shift-wt,151.0,2.0,1.0,1.0,20.0,42.0,7.0,120.0,120.0,120.0,577.0,69240.0
test-idm-integration-shift-wt,151.0,2.0,2.0,1.0,20.0,20.0,2.0,200.0,200.0,200.0,156.0,31200.0
test-idm-integration-shift-wt,152.0,2.0,,,,,11.0,100.0,113.409,120.0,880.0,99800.0
test-idm-integration-shift-wt,152.0,1.0,1.0,1.0,,42.0,,,,,,
test-idm-integration-shift-wt,152.0,1.0,2.0,1.0,,20.0,,,,,,
test-idm-integration-shift-wt,152.0,2.0,1.0,1.0,20.0,42.0,7.0,120.0,120.0,120.0,590.0,70800.0
test-idm-integration-shift-wt,152.0,2.0,2.0,1.0,20.0,20.0,4.0,100.0,100.0,100.0,290.0,29000.0
test-idm-integration-shift-wt,153.0,1.0,1.0,1.0,,42.0,,,,,,
test-idm-integration-shift-wt,153.0,1.0,2.0,1.0,,20.0,,,,,,
test-idm-integration-shift-wt,153.0,2.0,1.0,1.0,,42.0,,,,,,
test-idm-integration-shift-wt,153.0,2.0,2.0,1.0,,20.0,,,,,,
test-idm-integration-shift-wt,154.0,1.0,1.0,1.0,,42.0,,,,,,
test-idm-integration-shift-wt,154.0,1.0,2.0,1.0,,20.0,,,,,,
test-idm-integration-shift-wt,154.0,2.0,1.0,1.0,,42.0,,,,,,
test-idm-integration-shift-wt,154.0,2.0,2.0,1.0,,20.0,,,,,,
test-idm-integration-shift-wt,181.0,1.0,,,,,5.0,200.0,249.947,280.0,378.0,94480.0
test-idm-integration-shift-wt,181.0,2.0,,,,,4.0,280.0,313.318,400.0,425.0,133160.0
test-idm-integration-shift-wt,181.0,1.0,1.0,1.0,20.0,42.0,3.0,280.0,280.0,280.0,236.0,66080.0
test-idm-integration-shift-wt,181.0,1.0,2.0,1.0,20.0,20.0,2.0,200.0,200.0,200.0,142.0,28400.0
test-idm-integration-shift-wt,181.0,2.0,1.0,1.0,20.0,42.0,3.0,280.0,280.0,280.0,307.0,85960.0
test-idm-integration-shift-wt,181.0,2.0,2.0,1.0,20.0,20.0,1.0,400.0,400.0,400.0,118.0,47200.0
test-idm-integration-shift-wt,183.0,1.0,1.0,1.0,,42.0,,,,,,
test-idm-integration-shift-wt,183.0,1.0,2.0,1.0,,20.0,,,,,,
test-idm-integration-shift-wt,183.0,2.0,1.0,1.0,,42.0,,,,,,
test-idm-integration-shift-wt,183.0,2.0,2.0,1.0,,20.0,,,,,,
test-idm-integration-shift-wt,189.0,1.0,1.0,1.0,,42.0,,,,,,
test-idm-integration-shift-wt,189.0,1.0,2.0,1.0,,20.0,,,,,,
test-idm-integration-shift-wt,189.0,2.0,1.0,1.0,,42.0,,,,,,
test-idm-integration-shift-wt,189.0,2.0,2.0,1.0,,20.0,,,,,,
test-idm-integration-shift-wt,191.0,1.0,,,,,2.0,400.0,694.643,840.0,112.0,77800.0
test-idm-integration-shift-wt,191.0,2.0,,,,,2.0,200.0,200.0,200.0,266.0,53200.0
test-idm-integration-shift-wt,191.0,1.0,1.0,1.0,20.0,42.0,1.0,840.0,840.0,840.0,75.0,63000.0
test-idm-integration-shift-wt,191.0,1.0,2.0,1.0,20.0,20.0,1.0,400.0,400.0,400.0,37.0,14800.0
test-idm-integration-shift-wt,191.0,2.0,1.0,1.0,,42.0,,,,,,
test-idm-integration-shift-wt,191.0,2.0,2.0,1.0,20.0,20.0,2.0,200.0,200.0,200.0,266.0,53200.0
test-idm-integration-shift-wt,192.0,2.0,,,,,4.0,210.0,210.0,210.0,569.0,119490.0
test-idm-integration-shift-wt,192.0,1.0,1.0,1.0,,42.0,,,,,,
test-idm-integration-shift-wt,192.0,1.0,2.0,1.0,,20.0,,,,,,
test-idm-integration-shift-wt,192.0,2.0,1.0,1.0,20.0,42.0,4.0,210.0,210.0,210.0,569.0,119490.0
test-idm-integration-shift-wt,401.0,2.0,2.0,1.0,,20.0,,,,,,
test-idm-integration-shift-wt,411.0,1.0,,,,,3.0,140.0,140.0,140.0,189.0,26460.0
test-idm-integration-shift-wt,411.0,2.0,,,,,2.0,210.0,210.0,210.0,155.0,32550.0
test-idm-integration-shift-wt,411.0,1.0,1.0,1.0,10.0,42.0,3.0,140.0,140.0,140.0,189.0,26460.0
test-idm-integration-shift-wt,411.0,1.0,2.0,1.0,,20.0,,,,,,
test-idm-integration-shift-wt,411.0,2.0,1.0,1.0,10.0,42.0,2.0,210.0,210.0,210.0,155.0,32550.0
test-idm-integration-shift-wt,411.0,2.0,2.0,1.0,,20.0,,,,,,
test-idm-integration-shift-wt,421.0,1.0,,,,,1.0,420.0,420.0,420.0,68.0,28560.0
test-idm-integration-shift-wt,421.0,2.0,,,,,1.0,420.0,420.0,420.0,57.0,23940.0
test-idm-integration-shift-wt,421.0,1.0,1.0,1.0,10.0,42.0,1.0,420.0,420.0,420.0,68.0,28560.0
test-idm-integration-shift-wt,421.0,1.0,2.0,1.0,,20.0,,,,,,
test-idm-integration-shift-wt,421.0,2.0,1.0,1.0,10.0,42.0,1.0,420.0,420.0,420.0,57.0,23940.0
test-idm-integration-shift-wt,421.0,2.0,2.0,1.0,,20.0,,,,,,
test-idm-integration-shift-wt,441.0,1.0,,,,,4.0,140.0,160.471,200.0,85.0,13640.0
test-idm-integration-shift-wt,441.0,2.0,,,,,3.0,200.0,204.381,210.0,105.0,21460.0
test-idm-integration-shift-wt,441.0,1.0,1.0,1.0,10.0,42.0,3.0,140.0,140.0,140.0,56.0,7840.0
test-idm-integration-shift-wt,441.0,1.0,2.0,1.0,10.0,20.0,1.0,200.0,200.0,200.0,29.0,5800.0
test-idm-integration-shift-wt,441.0,2.0,1.0,1.0,10.0,42.0,2.0,210.0,210.0,210.0,46.0,9660.0
test-idm-integration-shift-wt,441.0,2.0,2.0,1.0,10.0,20.0,1.0,200.0,200.0,200.0,59.0,11800.0
test-idm-integration-shift-wt,443.0,1.0,1.0,1.0,,42.0,,,,,,
test-idm-integration-shift-wt,443.0,1.0,2.0,1.0,,20.0,,,,,,
test-idm-integration-shift-wt,443.0,2.0,1.0,1.0,,42.0,,,,,,
test-idm-integration-shift-wt,443.0,2.0,2.0,1.0,,20.0,,,,,,
test-idm-integration-shift-wt,471.0,1.0,,,,,1.0,420.0,420.0,420.0,41.0,17220.0
test-idm-integration-shift-wt,471.0,2.0,,,,,1.0,200.0,200.0,200.0,66.0,13200.0
test-idm-integration-shift-wt,471.0,1.0,1.0,1.0,10.0,42.0,1.0,420.0,420.0,420.0,41.0,17220.0
test-idm-integration-shift-wt,471.0,1.0,2.0,1.0,,20.0,,,,,,
test-idm-integration-shift-wt,471.0,2.0,1.0,1.0,,42.0,,,,,,
test-idm-integration-shift-wt,471.0,2.0,2.0,1.0,10.0,20.0,1.0,200.0,200.0,200.0,66.0,13200.0
test-idm-integration-shift-wt,481.0,1.0,,,,,1.0,420.0,420.0,420.0,6.0,2520.0
test-idm-integration-shift-wt,481.0,2.0,,,,,2.0,210.0,210.0,210.0,140.0,29400.0
test-idm-integration-shift-wt,481.0,1.0,1.0,1.0,10.0,42.0,1.0,420.0,420.0,420.0,6.0,2520.0
test-idm-integration-shift-wt,481.0,1.0,2.0,1.0,,20.0,,,,,,
test-idm-integration-shift-wt,481.0,2.0,1.0,1.0,10.0,42.0,2.0,210.0,210.0,210.0,140.0,29400.0
test-idm-integration-shift-wt,481.0,2.0,2.0,1.0,,20.0,,,,,,
test-idm-integration-shift-wt,611.0,1.0,,,,,10.0,996.0,1144.123,1992.0,195.0,223104.0
test-idm-integration-shift-wt,611.0,2.0,,,,,10.0,995.0,1327.988,1990.0,251.0,333325.0
test-idm-integration-shift-wt,611.0,1.0,1.0,1.0,10.0,996.0,10.0,996.0,996.0,996.0,166.0,165336.0
test-idm-integration-shift-wt,611.0,1.0,1.0,1.0,20.0,996.0,10.0,1992.0,1992.0,1992.0,29.0,57768.0
test-idm-integration-shift-wt,611.0,2.0,1.0,1.0,10.0,995.0,10.0,995.0,995.0,995.0,167.0,166165.0
test-idm-integration-shift-wt,611.0,2.0,1.0,1.0,20.0,995.0,10.0,1990.0,1990.0,1990.0,84.0,167160.0
test-idm-integration-shift-wt,612.0,1.0,,,,,1.0,3170.0,3170.0,3170.0,21.0,66570.0
test-idm-integration-shift-wt,612.0,2.0,,,,,1.0,3170.0,3170.0,3170.0,57.0,180690.0
test-idm-integration-shift-wt,612.0,1.0,1.0,1.0,10.0,317.0,1.0,3170.0,3170.0,3170.0,21.0,66570.0
test-idm-integration-shift-wt,612.0,2.0,1.0,1.0,10.0,317.0,1.0,3170.0,3170.0,3170.0,57.0,180690.0
test-idm-integration-shift-wt,613.0,1.0,1.0,1.0,,0.0,,,,,,
test-idm-integration-shift-wt,613.0,2.0,1.0,1.0,,0.0,,,,,,
test-idm-integration-shift-wt,621.0,1.0,,,,,1.0,560.0,560.0,560.0,18.0,10080.0
test-idm-integration-shift-wt,621.0,1.0,1.0,1.0,10.0,56.0,1.0,560.0,560.0,560.0,18.0,10080.0
test-idm-integration-shift-wt,621.0,2.0,1.0,1.0,,56.0,,,,,,
test-idm-integration-shift-wt,631.0,1.0,1.0,1.0,,1.0,,,,,,
test-idm-integration-shift-wt,631.0,2.0,1.0,1.0,,0.0,,,,,,
test-idm-integration-shift-wt,632.0,1.0,,,,,2.0,140.0,186.667,280.0,6.0,1120.0
test-idm-integration-shift-wt,632.0,1.0,1.0,1.0,10.0,28.0,2.0,140.0,140.0,140.0,4.0,560.0
test-idm-integration-shift-wt,632.0,1.0,1.0,1.0,20.0,28.0,2.0,280.0,280.0,280.0,2.0,560.0
test-idm-integration-shift-wt,632.0,2.0,1.0,1.0,,28.0,,,,,,
test-idm-integration-shift-wt,LHR Transi,2.0,1.0,1.0,10.0,42.0,2.0,210.0,210.0,210.0,52.0,10920.0
test-idm-integration-shift-wt,LHR Transi,2.0,2.0,1.0,,20.0,,,,,,
test-idm-integration-shift-wt,192.0,2.0,2.0,1.0,,20.0,,,,,,
test-idm-integration-shift-wt,193.0,1.0,1.0,1.0,,42.0,,,,,,
test-idm-integration-shift-wt,193.0,1.0,2.0,1.0,,20.0,,,,,,
test-idm-integration-shift-wt,193.0,2.0,1.0,1.0,,42.0,,,,,,
test-idm-integration-shift-wt,193.0,2.0,2.0,1.0,,20.0,,,,,,
test-idm-integration-shift-wt,199.0,1.0,1.0,1.0,,42.0,,,,,,
test-idm-integration-shift-wt,199.0,1.0,2.0,1.0,,20.0,,,,,,
test-idm-integration-shift-wt,199.0,2.0,1.0,1.0,,42.0,,,,,,
test-idm-integration-shift-wt,199.0,2.0,2.0,1.0,,20.0,,,,,,
test-idm-integration-shift-wt,201.0,1.0,,,,,3.0,84.0,275.452,350.0,157.0,43246.0
test-idm-integration-shift-wt,201.0,2.0,,,,,5.0,262.5,329.596,500.0,223.0,73500.0
test-idm-integration-shift-wt,201.0,1.0,1.0,1.0,6.0,42.0,3.0,84.0,84.0,84.0,44.0,3696.0
test-idm-integration-shift-wt,201.0,1.0,1.0,1.0,25.0,42.0,3.0,350.0,350.0,350.0,113.0,39550.0
test-idm-integration-shift-wt,201.0,1.0,2.0,1.0,,20.0,,,,,,
test-idm-integration-shift-wt,201.0,2.0,1.0,1.0,25.0,42.0,4.0,262.5,262.5,262.5,160.0,42000.0
test-idm-integration-shift-wt,201.0,2.0,2.0,1.0,25.0,20.0,1.0,500.0,500.0,500.0,63.0,31500.0
test-idm-integration-shift-wt,202.0,1.0,,,,,3.0,210.0,508.865,525.0,163.0,82945.0
test-idm-integration-shift-wt,202.0,2.0,,,,,4.0,250.0,386.19,525.0,105.0,40550.0
test-idm-integration-shift-wt,202.0,1.0,1.0,1.0,10.0,42.0,2.0,210.0,210.0,210.0,2.0,420.0
test-idm-integration-shift-wt,202.0,1.0,1.0,1.0,25.0,42.0,2.0,525.0,525.0,525.0,81.0,42525.0
test-idm-integration-shift-wt,202.0,1.0,2.0,1.0,25.0,20.0,1.0,500.0,500.0,500.0,80.0,40000.0
test-idm-integration-shift-wt,202.0,2.0,1.0,1.0,25.0,42.0,2.0,525.0,525.0,525.0,52.0,27300.0
test-idm-integration-shift-wt,202.0,2.0,2.0,1.0,25.0,20.0,2.0,250.0,250.0,250.0,53.0,13250.0
test-idm-integration-shift-wt,203.0,1.0,1.0,1.0,,42.0,,,,,,
test-idm-integration-shift-wt,203.0,1.0,2.0,1.0,,20.0,,,,,,
test-idm-integration-shift-wt,203.0,2.0,1.0,1.0,,42.0,,,,,,
test-idm-integration-shift-wt,203.0,2.0,2.0,1.0,,20.0,,,,,,
test-idm-integration-shift-wt,204.0,1.0,1.0,1.0,,42.0,,,,,,
test-idm-integration-shift-wt,204.0,1.0,2.0,1.0,,20.0,,,,,,
test-idm-integration-shift-wt,204.0,2.0,1.0,1.0,,42.0,,,,,,
test-idm-integration-shift-wt,204.0,2.0,2.0,1.0,,20.0,,,,,,
test-idm-integration-shift-wt,211.0,1.0,,,,,3.0,400.0,411.892,420.0,259.0,106680.0
test-idm-integration-shift-wt,211.0,2.0,,,,,6.0,100.0,103.224,105.0,1019.0,105185.0
test-idm-integration-shift-wt,211.0,1.0,1.0,1.0,20.0,42.0,2.0,420.0,420.0,420.0,154.0,64680.0
test-idm-integration-shift-wt,211.0,1.0,2.0,1.0,20.0,20.0,1.0,400.0,400.0,400.0,105.0,42000.0
test-idm-integration-shift-wt,211.0,2.0,1.0,1.0,10.0,42.0,4.0,105.0,105.0,105.0,657.0,68985.0
test-idm-integration-shift-wt,211.0,2.0,2.0,1.0,10.0,20.0,2.0,100.0,100.0,100.0,362.0,36200.0
test-idm-integration-shift-wt,213.0,1.0,1.0,1.0,,42.0,,,,,,
test-idm-integration-shift-wt,213.0,1.0,2.0,1.0,,20.0,,,,,,
test-idm-integration-shift-wt,213.0,2.0,1.0,1.0,,42.0,,,,,,
test-idm-integration-shift-wt,213.0,2.0,2.0,1.0,,20.0,,,,,,
test-idm-integration-shift-wt,219.0,1.0,1.0,1.0,,42.0,,,,,,
test-idm-integration-shift-wt,219.0,1.0,2.0,1.0,,20.0,,,,,,
test-idm-integration-shift-wt,219.0,2.0,1.0,1.0,,42.0,,,,,,
test-idm-integration-shift-wt,219.0,2.0,2.0,1.0,,20.0,,,,,,
test-idm-integration-shift-wt,221.0,1.0,,,,,6.0,105.0,182.578,210.0,225.0,41080.0
test-idm-integration-shift-wt,221.0,2.0,,,,,6.0,133.333,226.604,280.0,423.0,95853.333
test-idm-integration-shift-wt,221.0,1.0,1.0,1.0,10.0,42.0,4.0,105.0,105.0,105.0,48.0,5040.0
test-idm-integration-shift-wt,221.0,1.0,1.0,1.0,20.0,42.0,4.0,210.0,210.0,210.0,64.0,13440.0
test-idm-integration-shift-wt,221.0,1.0,2.0,1.0,20.0,20.0,2.0,200.0,200.0,200.0,113.0,22600.0
test-idm-integration-shift-wt,221.0,2.0,1.0,1.0,20.0,42.0,3.0,280.0,280.0,280.0,269.0,75320.0
test-idm-integration-shift-wt,221.0,2.0,2.0,1.0,20.0,20.0,3.0,133.333,133.333,133.333,154.0,20533.333
test-idm-integration-shift-wt,223.0,1.0,1.0,1.0,,42.0,,,,,,
test-idm-integration-shift-wt,223.0,1.0,2.0,1.0,,20.0,,,,,,
test-idm-integration-shift-wt,223.0,2.0,1.0,1.0,,42.0,,,,,,
test-idm-integration-shift-wt,223.0,2.0,2.0,1.0,,20.0,,,,,,
test-idm-integration-shift-wt,633.0,1.0,,,,,1.0,150.0,150.0,150.0,9.0,1350.0
test-idm-integration-shift-wt,633.0,2.0,,,,,1.0,160.0,160.0,160.0,15.0,2400.0
test-idm-integration-shift-wt,633.0,1.0,1.0,1.0,10.0,15.0,1.0,150.0,150.0,150.0,9.0,1350.0
test-idm-integration-shift-wt,633.0,2.0,1.0,1.0,10.0,16.0,1.0,160.0,160.0,160.0,15.0,2400.0
test-idm-integration-shift-wt,634.0,1.0,,,,,4.0,200.0,386.047,400.0,43.0,16600.0
test-idm-integration-shift-wt,634.0,2.0,,,,,1.0,800.0,800.0,800.0,15.0,12000.0
test-idm-integration-shift-wt,634.0,1.0,1.0,1.0,10.0,80.0,4.0,200.0,200.0,200.0,3.0,600.0
test-idm-integration-shift-wt,634.0,1.0,1.0,1.0,20.0,80.0,4.0,400.0,400.0,400.0,40.0,16000.0
test-idm-integration-shift-wt,634.0,2.0,1.0,1.0,10.0,80.0,1.0,800.0,800.0,800.0,15.0,12000.0
test-idm-integration-shift-wt,635.0,1.0,1.0,1.0,,6.0,,,,,,
test-idm-integration-shift-wt,635.0,2.0,1.0,1.0,,7.0,,,,,,
test-idm-integration-shift-wt,636.0,1.0,1.0,1.0,,9.0,,,,,,
test-idm-integration-shift-wt,636.0,2.0,1.0,1.0,,8.0,,,,,,
test-idm-integration-shift-wt,641.0,1.0,1.0,1.0,,0.0,,,,,,
test-idm-integration-shift-wt,641.0,2.0,1.0,1.0,,0.0,,,,,,
test-idm-integration-shift-wt,651.0,1.0,1.0,1.0,,27.0,,,,,,
test-idm-integration-shift-wt,651.0,2.0,1.0,1.0,,27.0,,,,,,
test-idm-integration-shift-wt,652.0,1.0,1.0,1.0,,9.0,,,,,,
test-idm-integration-shift-wt,652.0,2.0,1.0,1.0,,9.0,,,,,,
test-idm-integration-shift-wt,671.0,1.0,,,,,3.0,373.333,373.333,373.333,9.0,3360.0
test-idm-integration-shift-wt,671.0,2.0,,,,,4.0,280.0,280.0,280.0,35.0,9800.0
test-idm-integration-shift-wt,671.0,1.0,1.0,1.0,20.0,56.0,3.0,373.333,373.333,373.333,9.0,3360.0
test-idm-integration-shift-wt,671.0,2.0,1.0,1.0,20.0,56.0,4.0,280.0,280.0,280.0,35.0,9800.0
test-idm-integration-shift-wt,672.0,1.0,1.0,1.0,,0.0,,,,,,
test-idm-integration-shift-wt,672.0,2.0,1.0,1.0,,0.0,,,,,,
test-idm-integration-shift-wt,682.0,1.0,1.0,1.0,,27.0,,,,,,
test-idm-integration-shift-wt,682.0,2.0,1.0,1.0,,28.0,,,,,,
test-idm-integration-shift-wt,691.0,2.0,,,,,4.0,70.0,70.0,70.0,141.0,9870.0
test-idm-integration-shift-wt,691.0,1.0,1.0,1.0,,28.0,,,,,,
test-idm-integration-shift-wt,691.0,2.0,1.0,1.0,10.0,28.0,4.0,70.0,70.0,70.0,141.0,9870.0
test-idm-integration-shift-wt,692.0,1.0,,,,,3.0,120.0,120.0,120.0,53.0,6360.0
test-idm-integration-shift-wt,231.0,1.0,,,,,3.0,84.0,101.818,140.0,88.0,8960.0
test-idm-integration-shift-wt,231.0,2.0,,,,,2.0,210.0,210.0,210.0,191.0,40110.0
test-idm-integration-shift-wt,231.0,1.0,1.0,1.0,6.0,42.0,3.0,84.0,84.0,84.0,60.0,5040.0
test-idm-integration-shift-wt,231.0,1.0,1.0,1.0,10.0,42.0,3.0,140.0,140.0,140.0,28.0,3920.0
test-idm-integration-shift-wt,231.0,1.0,2.0,1.0,,20.0,,,,,,
test-idm-integration-shift-wt,231.0,2.0,1.0,1.0,10.0,42.0,2.0,210.0,210.0,210.0,191.0,40110.0
test-idm-integration-shift-wt,231.0,2.0,2.0,1.0,,20.0,,,,,,
test-idm-integration-shift-wt,232.0,1.0,,,,,2.0,210.0,210.0,210.0,83.0,17430.0
test-idm-integration-shift-wt,232.0,1.0,1.0,1.0,10.0,42.0,2.0,210.0,210.0,210.0,83.0,17430.0
test-idm-integration-shift-wt,232.0,1.0,2.0,1.0,,20.0,,,,,,
test-idm-integration-shift-wt,232.0,2.0,1.0,1.0,,42.0,,,,,,
test-idm-integration-shift-wt,232.0,2.0,2.0,1.0,,20.0,,,,,,
test-idm-integration-shift-wt,233.0,1.0,1.0,1.0,,42.0,,,,,,
test-idm-integration-shift-wt,233.0,1.0,2.0,1.0,,20.0,,,,,,
test-idm-integration-shift-wt,233.0,2.0,1.0,1.0,,42.0,,,,,,
test-idm-integration-shift-wt,233.0,2.0,2.0,1.0,,20.0,,,,,,
test-idm-integration-shift-wt,234.0,1.0,1.0,1.0,,42.0,,,,,,
test-idm-integration-shift-wt,234.0,1.0,2.0,1.0,,20.0,,,,,,
test-idm-integration-shift-wt,234.0,2.0,1.0,1.0,,42.0,,,,,,
test-idm-integration-shift-wt,234.0,2.0,2.0,1.0,,20.0,,,,,,
test-idm-integration-shift-wt,241.0,1.0,,,,,10.0,60.0,82.766,133.333,711.0,58846.667
test-idm-integration-shift-wt,241.0,2.0,,,,,5.0,210.0,245.255,400.0,706.0,173150.0
test-idm-integration-shift-wt,241.0,1.0,1.0,1.0,10.0,42.0,7.0,60.0,60.0,60.0,483.0,28980.0
test-idm-integration-shift-wt,241.0,1.0,2.0,1.0,10.0,20.0,3.0,66.667,66.667,66.667,8.0,533.333
test-idm-integration-shift-wt,241.0,1.0,2.0,1.0,20.0,20.0,3.0,133.333,133.333,133.333,220.0,29333.333
test-idm-integration-shift-wt,241.0,2.0,1.0,1.0,20.0,42.0,4.0,210.0,210.0,210.0,575.0,120750.0
test-idm-integration-shift-wt,241.0,2.0,2.0,1.0,20.0,20.0,1.0,400.0,400.0,400.0,131.0,52400.0
test-idm-integration-shift-wt,243.0,1.0,1.0,1.0,,42.0,,,,,,
test-idm-integration-shift-wt,243.0,1.0,2.0,1.0,,20.0,,,,,,
test-idm-integration-shift-wt,243.0,2.0,1.0,1.0,,42.0,,,,,,
test-idm-integration-shift-wt,243.0,2.0,2.0,1.0,,20.0,,,,,,
test-idm-integration-shift-wt,249.0,1.0,1.0,1.0,,42.0,,,,,,
test-idm-integration-shift-wt,249.0,1.0,2.0,1.0,,20.0,,,,,,
test-idm-integration-shift-wt,249.0,2.0,1.0,1.0,,42.0,,,,,,
test-idm-integration-shift-wt,249.0,2.0,2.0,1.0,,20.0,,,,,,
test-idm-integration-shift-wt,311.0,1.0,,,,,2.0,120.0,252.692,420.0,104.0,26280.0
test-idm-integration-shift-wt,311.0,2.0,,,,,3.0,200.0,207.474,210.0,289.0,59960.0
test-idm-integration-shift-wt,311.0,1.0,1.0,1.0,10.0,42.0,1.0,420.0,420.0,420.0,46.0,19320.0
test-idm-integration-shift-wt,311.0,1.0,2.0,1.0,6.0,20.0,1.0,120.0,120.0,120.0,58.0,6960.0
test-idm-integration-shift-wt,311.0,2.0,1.0,1.0,10.0,42.0,2.0,210.0,210.0,210.0,216.0,45360.0
test-idm-integration-shift-wt,311.0,2.0,2.0,1.0,10.0,20.0,1.0,200.0,200.0,200.0,73.0,14600.0
test-idm-integration-shift-wt,313.0,1.0,1.0,1.0,,42.0,,,,,,
test-idm-integration-shift-wt,313.0,1.0,2.0,1.0,,20.0,,,,,,
test-idm-integration-shift-wt,313.0,2.0,1.0,1.0,,42.0,,,,,,
test-idm-integration-shift-wt,313.0,2.0,2.0,1.0,,20.0,,,,,,
test-idm-integration-shift-wt,319.0,1.0,1.0,1.0,,42.0,,,,,,
test-idm-integration-shift-wt,319.0,1.0,2.0,1.0,,20.0,,,,,,
test-idm-integration-shift-wt,319.0,2.0,1.0,1.0,,42.0,,,,,,
test-idm-integration-shift-wt,319.0,2.0,2.0,1.0,,20.0,,,,,,
test-idm-integration-shift-wt,321.0,1.0,,,,,1.0,420.0,420.0,420.0,64.0,26880.0
test-idm-integration-shift-wt,321.0,2.0,,,,,2.0,210.0,210.0,210.0,146.0,30660.0
test-idm-integration-shift-wt,321.0,1.0,1.0,1.0,10.0,42.0,1.0,420.0,420.0,420.0,64.0,26880.0
test-idm-integration-shift-wt,321.0,1.0,2.0,1.0,,20.0,,,,,,
test-idm-integration-shift-wt,321.0,2.0,1.0,1.0,10.0,42.0,2.0,210.0,210.0,210.0,146.0,30660.0
test-idm-integration-shift-wt,321.0,2.0,2.0,1.0,,20.0,,,,,,
test-idm-integration-shift-wt,323.0,1.0,1.0,1.0,,42.0,,,,,,
test-idm-integration-shift-wt,692.0,2.0,,,,,2.0,175.0,175.0,175.0,28.0,4900.0
test-idm-integration-shift-wt,692.0,1.0,1.0,1.0,10.0,36.0,3.0,120.0,120.0,120.0,53.0,6360.0
test-idm-integration-shift-wt,692.0,2.0,1.0,1.0,10.0,35.0,2.0,175.0,175.0,175.0,28.0,4900.0
test-idm-integration-shift-wt,701.0,2.0,,,,,1.0,540.0,540.0,540.0,36.0,19440.0
test-idm-integration-shift-wt,701.0,1.0,1.0,1.0,,53.0,,,,,,
test-idm-integration-shift-wt,701.0,2.0,1.0,1.0,10.0,54.0,1.0,540.0,540.0,540.0,36.0,19440.0
test-idm-integration-shift-wt,711.0,2.0,,,,,1.0,550.0,550.0,550.0,5.0,2750.0
test-idm-integration-shift-wt,711.0,1.0,1.0,1.0,,55.0,,,,,,
test-idm-integration-shift-wt,711.0,2.0,1.0,1.0,10.0,55.0,1.0,550.0,550.0,550.0,5.0,2750.0
test-idm-integration-shift-wt,721.0,1.0,,,,,4.0,595.0,1090.833,1190.0,36.0,39270.0
test-idm-integration-shift-wt,721.0,2.0,,,,,3.0,793.333,896.812,1586.667,46.0,41253.333
test-idm-integration-shift-wt,721.0,1.0,1.0,1.0,10.0,238.0,4.0,595.0,595.0,595.0,6.0,3570.0
test-idm-integration-shift-wt,721.0,1.0,1.0,1.0,20.0,238.0,4.0,1190.0,1190.0,1190.0,30.0,35700.0
test-idm-integration-shift-wt,721.0,2.0,1.0,1.0,10.0,238.0,3.0,793.333,793.333,793.333,40.0,31733.333
test-idm-integration-shift-wt,721.0,2.0,1.0,1.0,20.0,238.0,3.0,1586.667,1586.667,1586.667,6.0,9520.0
test-idm-integration-shift-wt,722.0,1.0,1.0,1.0,,143.0,,,,,,
test-idm-integration-shift-wt,722.0,2.0,1.0,1.0,,144.0,,,,,,
test-idm-integration-shift-wt,731.0,1.0,1.0,1.0,,5.0,,,,,,
test-idm-integration-shift-wt,731.0,2.0,1.0,1.0,,4.0,,,,,,
test-idm-integration-shift-wt,741.0,1.0,1.0,1.0,,0.0,,,,,,
test-idm-integration-shift-wt,741.0,2.0,1.0,1.0,,0.0,,,,,,
test-idm-integration-shift-wt,811.0,1.0,,,,,34.0,322.0,348.012,705.0,319.0,111015.882
test-idm-integration-shift-wt,811.0,2.0,,,,,36.0,328.421,341.309,680.0,625.0,213317.93
test-idm-integration-shift-wt,811.0,1.0,1.0,1.0,10.0,483.0,15.0,322.0,322.0,322.0,145.0,46690.0
test-idm-integration-shift-wt,811.0,1.0,1.0,3.0,10.0,141.0,2.0,705.0,705.0,705.0,8.0,5640.0
test-idm-integration-shift-wt,811.0,1.0,2.0,1.0,10.0,601.0,17.0,353.529,353.529,353.529,166.0,58685.882
test-idm-integration-shift-wt,811.0,1.0,2.0,3.0,,131.0,,,,,,
test-idm-integration-shift-wt,811.0,2.0,1.0,1.0,10.0,499.0,15.0,332.667,332.667,332.667,241.0,80172.667
test-idm-integration-shift-wt,811.0,2.0,1.0,3.0,10.0,136.0,2.0,680.0,680.0,680.0,20.0,13600.0
test-idm-integration-shift-wt,811.0,2.0,2.0,1.0,10.0,624.0,19.0,328.421,328.421,328.421,364.0,119545.263
test-idm-integration-shift-wt,811.0,2.0,2.0,3.0,,118.0,,,,,,
test-idm-integration-shift-wt,812.0,1.0,,,,,1.0,1706.0,1706.0,1706.0,7.0,11942.0
test-idm-integration-shift-wt,812.0,2.0,,,,,1.0,1730.0,1730.0,1730.0,7.0,12110.0
test-idm-integration-shift-wt,812.0,1.0,1.0,1.0,2.0,853.0,1.0,1706.0,1706.0,1706.0,7.0,11942.0
test-idm-integration-shift-wt,812.0,1.0,1.0,2.0,,986.0,,,,,,
test-idm-integration-shift-wt,812.0,1.0,1.0,3.0,,774.0,,,,,,
test-idm-integration-shift-wt,812.0,2.0,1.0,1.0,2.0,865.0,1.0,1730.0,1730.0,1730.0,7.0,12110.0
test-idm-integration-shift-wt,812.0,2.0,1.0,2.0,,978.0,,,,,,
test-idm-integration-shift-wt,812.0,2.0,1.0,3.0,,755.0,,,,,,
test-idm-integration-shift-wt,911.0,1.0,,,,,7.0,53.143,53.143,53.143,479.0,25455.429
test-idm-integration-shift-wt,911.0,2.0,,,,,4.0,155.0,155.0,155.0,273.0,42315.0
test-idm-integration-shift-wt,911.0,1.0,1.0,1.0,6.0,62.0,7.0,53.143,53.143,53.143,479.0,25455.429
test-idm-integration-shift-wt,911.0,2.0,1.0,1.0,10.0,62.0,4.0,155.0,155.0,155.0,273.0,42315.0
test-idm-integration-shift-wt,913.0,1.0,1.0,1.0,,62.0,,,,,,
test-idm-integration-shift-wt,913.0,2.0,1.0,1.0,,62.0,,,,,,
test-idm-integration-shift-wt,LHR Mig Tr,1.0,1.0,1.0,,42.0,,,,,,
test-idm-integration-shift-wt,LHR Mig Tr,1.0,2.0,1.0,,20.0,,,,,,
test-idm-integration-shift-wt,LHR Mig Tr,2.0,1.0,1.0,,42.0,,,,,,
test-idm-integration-shift-wt,LHR Mig Tr,2.0,2.0,1.0,,20.0,,,,,,
test-idm-integration-shift-wt,LHR Transi,1.0,,,,,3.0,200.0,362.759,420.0,29.0,10520.0
test-idm-integration-shift-wt,LHR Transi,2.0,,,,,2.0,210.0,210.0,210.0,52.0,10920.0
test-idm-integration-shift-wt,LHR Transi,1.0,1.0,1.0,10.0,42.0,2.0,210.0,210.0,210.0,6.0,1260.0
test-idm-integration-shift-wt,LHR Transi,1.0,1.0,1.0,20.0,42.0,2.0,420.0,420.0,420.0,13.0,5460.0
test-idm-integration-shift-wt,LHR Transi,1.0,2.0,1.0,10.0,20.0,1.0,200.0,200.0,200.0,1.0,200.0
test-idm-integration-shift-wt,LHR Transi,1.0,2.0,1.0,20.0,20.0,1.0,400.0,400.0,400.0,9.0,3600.0
test-idm-integration-shift-wt,111.0,1.0,1.0,1.0,,42.0,,,,,,
test-idm-integration-shift-wt,111.0,1.0,2.0,1.0,,20.0,,,,,,
test-idm-integration-shift-wt,111.0,2.0,1.0,1.0,,42.0,,,,,,
test-idm-integration-shift-wt,111.0,2.0,2.0,1.0,,20.0,,,,,,
test-idm-integration-shift-wt,113.0,1.0,1.0,1.0,,42.0,,,,,,
test-idm-integration-shift-wt,113.0,1.0,2.0,1.0,,20.0,,,,,,
test-idm-integration-shift-wt,113.0,2.0,1.0,1.0,,42.0,,,,,,
test-idm-integration-shift-wt,113.0,2.0,2.0,1.0,,20.0,,,,,,
test-idm-integration-shift-wt,119.0,1.0,1.0,1.0,,42.0,,,,,,
test-idm-integration-shift-wt,119.0,1.0,2.0,1.0,,20.0,,,,,,
test-idm-integration-shift-wt,119.0,2.0,1.0,1.0,,42.0,,,,,,
test-idm-integration-shift-wt,119.0,2.0,2.0,1.0,,20.0,,,,,,
test-idm-integration-shift-wt,121.0,1.0,,,,,4.0,280.0,307.181,400.0,596.0,183080.0
test-idm-integration-shift-wt,121.0,2.0,,,,,5.0,200.0,250.519,280.0,578.0,144800.0
test-idm-integration-shift-wt,121.0,1.0,1.0,1.0,20.0,42.0,3.0,280.0,280.0,280.0,461.0,129080.0
test-idm-integration-shift-wt,121.0,1.0,2.0,1.0,20.0,20.0,1.0,400.0,400.0,400.0,135.0,54000.0
test-idm-integration-shift-wt,121.0,2.0,1.0,1.0,20.0,42.0,3.0,280.0,280.0,280.0,365.0,102200.0
test-idm-integration-shift-wt,121.0,2.0,2.0,1.0,20.0,20.0,2.0,200.0,200.0,200.0,213.0,42600.0
test-idm-integration-shift-wt,123.0,1.0,1.0,1.0,,42.0,,,,,,
test-idm-integration-shift-wt,123.0,1.0,2.0,1.0,,20.0,,,,,,
test-idm-integration-shift-wt,123.0,2.0,1.0,1.0,,42.0,,,,,,
test-idm-integration-shift-wt,123.0,2.0,2.0,1.0,,20.0,,,,,,
test-idm-integration-shift-wt,131.0,1.0,,,,,9.0,66.667,68.817,70.0,465.0,32000.0
test-idm-integration-shift-wt,131.0,2.0,,,,,14.0,76.364,88.277,133.333,1688.0,149012.121
test-idm-integration-shift-wt,131.0,1.0,1.0,1.0,10.0,42.0,6.0,70.0,70.0,70.0,300.0,21000.0
test-idm-integration-shift-wt,131.0,1.0,2.0,1.0,10.0,20.0,3.0,66.667,66.667,66.667,165.0,11000.0
test-idm-integration-shift-wt,131.0,2.0,1.0,1.0,20.0,42.0,11.0,76.364,76.364,76.364,1335.0,101945.455
test-idm-integration-shift-wt,131.0,2.0,2.0,1.0,20.0,20.0,3.0,133.333,133.333,133.333,353.0,47066.667
test-idm-integration-shift-wt,132.0,1.0,,,,,7.0,70.0,93.903,200.0,310.0,29110.0
test-idm-integration-shift-wt,132.0,1.0,1.0,1.0,10.0,42.0,6.0,70.0,70.0,70.0,253.0,17710.0
test-idm-integration-shift-wt,132.0,1.0,2.0,1.0,10.0,20.0,1.0,200.0,200.0,200.0,57.0,11400.0
test-idm-integration-shift-wt,132.0,2.0,1.0,1.0,,42.0,,,,,,
test-idm-integration-shift-wt,132.0,2.0,2.0,1.0,,20.0,,,,,,
test-idm-integration-shift-wt,133.0,1.0,1.0,1.0,,42.0,,,,,,
test-idm-integration-shift-wt,133.0,1.0,2.0,1.0,,20.0,,,,,,
test-idm-integration-shift-wt,133.0,2.0,1.0,1.0,,42.0,,,,,,
test-idm-integration-shift-wt,133.0,2.0,2.0,1.0,,20.0,,,,,,
test-idm-integration-shift-wt,134.0,1.0,1.0,1.0,,42.0,,,,,,
test-idm-integration-shift-wt,134.0,1.0,2.0,1.0,,20.0,,,,,,
test-idm-integration-shift-wt,134.0,2.0,1.0,1.0,,42.0,,,,,,
test-idm-integration-shift-wt,134.0,2.0,2.0,1.0,,20.0,,,,,,
test-idm-integration-shift-wt,135.0,1.0,1.0,1.0,,42.0,,,,,,
test-idm-integration-shift-wt,135.0,1.0,2.0,1.0,,20.0,,,,,,
test-idm-integration-shift-wt,135.0,2.0,1.0,1.0,,42.0,,,,,,
test-idm-integration-shift-wt,135.0,2.0,2.0,1.0,,20.0,,,,,,
test-idm-integration-shift-wt,141.0,1.0,,,,,5.0,100.0,125.953,140.0,299.0,37660.0
test-idm-integration-shift-wt,141.0,2.0,,,,,6.0,84.0,98.788,200.0,604.0,59668.0
test-idm-integration-shift-wt,141.0,1.0,1.0,1.0,10.0,42.0,3.0,140.0,140.0,140.0,194.0,27160.0
test-idm-integration-shift-wt,141.0,1.0,2.0,1.0,10.0,20.0,2.0,100.0,100.0,100.0,105.0,10500.0
test-idm-integration-shift-wt,141.0,2.0,1.0,1.0,10.0,42.0,5.0,84.0,84.0,84.0,527.0,44268.0
test-idm-integration-shift-wt,141.0,2.0,2.0,1.0,10.0,20.0,1.0,200.0,200.0,200.0,77.0,15400.0
test-idm-integration-shift-wt,142.0,1.0,,,,,8.0,70.0,77.832,100.0,429.0,33390.0
test-idm-integration-shift-wt,142.0,1.0,1.0,1.0,10.0,42.0,6.0,70.0,70.0,70.0,317.0,22190.0
test-idm-integration-shift-wt,142.0,1.0,2.0,1.0,10.0,20.0,2.0,100.0,100.0,100.0,112.0,11200.0
test-idm-integration-shift-wt,142.0,2.0,1.0,1.0,,42.0,,,,,,
test-idm-integration-shift-wt,142.0,2.0,2.0,1.0,,20.0,,,,,,
test-idm-integration-shift-wt,323.0,1.0,2.0,1.0,,20.0,,,,,,
test-idm-integration-shift-wt,323.0,2.0,1.0,1.0,,42.0,,,,,,
test-idm-integration-shift-wt,323.0,2.0,2.0,1.0,,20.0,,,,,,
test-idm-integration-shift-wt,331.0,1.0,1.0,1.0,,42.0,,,,,,
test-idm-integration-shift-wt,331.0,1.0,2.0,1.0,,20.0,,,,,,
test-idm-integration-shift-wt,331.0,2.0,1.0,1.0,,42.0,,,,,,
test-idm-integration-shift-wt,331.0,2.0,2.0,1.0,,20.0,,,,,,
test-idm-integration-shift-wt,341.0,1.0,,,,,2.0,210.0,210.0,210.0,79.0,16590.0
test-idm-integration-shift-wt,341.0,2.0,,,,,2.0,200.0,314.521,420.0,73.0,22960.0
test-idm-integration-shift-wt,341.0,1.0,1.0,1.0,10.0,42.0,2.0,210.0,210.0,210.0,79.0,16590.0
test-idm-integration-shift-wt,341.0,1.0,2.0,1.0,,20.0,,,,,,
test-idm-integration-shift-wt,341.0,2.0,1.0,1.0,10.0,42.0,1.0,420.0,420.0,420.0,38.0,15960.0
test-idm-integration-shift-wt,341.0,2.0,2.0,1.0,10.0,20.0,1.0,200.0,200.0,200.0,35.0,7000.0
test-idm-integration-shift-wt,351.0,1.0,,,,,6.0,84.0,115.18,200.0,439.0,50564.0
test-idm-integration-shift-wt,351.0,2.0,,,,,6.0,50.0,90.291,210.0,826.0,74580.0
test-idm-integration-shift-wt,351.0,1.0,1.0,1.0,10.0,42.0,5.0,84.0,84.0,84.0,321.0,26964.0
test-idm-integration-shift-wt,351.0,1.0,2.0,1.0,10.0,20.0,1.0,200.0,200.0,200.0,118.0,23600.0
test-idm-integration-shift-wt,351.0,2.0,1.0,1.0,10.0,42.0,2.0,210.0,210.0,210.0,208.0,43680.0
test-idm-integration-shift-wt,351.0,2.0,2.0,1.0,10.0,20.0,4.0,50.0,50.0,50.0,618.0,30900.0
test-idm-integration-shift-wt,361.0,1.0,,,,,3.0,140.0,140.0,140.0,34.0,4760.0
test-idm-integration-shift-wt,361.0,2.0,,,,,2.0,200.0,245.833,420.0,48.0,11800.0
test-idm-integration-shift-wt,361.0,1.0,1.0,1.0,10.0,42.0,3.0,140.0,140.0,140.0,34.0,4760.0
test-idm-integration-shift-wt,361.0,1.0,2.0,1.0,,20.0,,,,,,
test-idm-integration-shift-wt,361.0,2.0,1.0,1.0,10.0,42.0,1.0,420.0,420.0,420.0,10.0,4200.0
test-idm-integration-shift-wt,361.0,2.0,2.0,1.0,10.0,20.0,1.0,200.0,200.0,200.0,38.0,7600.0
test-idm-integration-shift-wt,371.0,1.0,,,,,2.0,210.0,210.0,210.0,78.0,16380.0
test-idm-integration-shift-wt,371.0,2.0,,,,,2.0,210.0,210.0,210.0,107.0,22470.0
test-idm-integration-shift-wt,371.0,1.0,1.0,1.0,10.0,42.0,2.0,210.0,210.0,210.0,78.0,16380.0
test-idm-integration-shift-wt,371.0,1.0,2.0,1.0,,20.0,,,,,,
test-idm-integration-shift-wt,371.0,2.0,1.0,1.0,10.0,42.0,2.0,210.0,210.0,210.0,107.0,22470.0
test-idm-integration-shift-wt,371.0,2.0,2.0,1.0,,20.0,,,,,,
test-idm-integration-shift-wt,381.0,1.0,,,,,1.0,420.0,420.0,420.0,125.0,52500.0
test-idm-integration-shift-wt,381.0,2.0,,,,,1.0,420.0,420.0,420.0,67.0,28140.0
test-idm-integration-shift-wt,381.0,1.0,1.0,1.0,10.0,42.0,1.0,420.0,420.0,420.0,125.0,52500.0
test-idm-integration-shift-wt,381.0,1.0,2.0,1.0,,20.0,,,,,,
test-idm-integration-shift-wt,381.0,2.0,1.0,1.0,10.0,42.0,1.0,420.0,420.0,420.0,67.0,28140.0
test-idm-integration-shift-wt,381.0,2.0,2.0,1.0,,20.0,,,,,,
test-idm-integration-shift-wt,382.0,2.0,,,,,3.0,200.0,207.879,210.0,33.0,6860.0
test-idm-integration-shift-wt,382.0,1.0,1.0,1.0,,42.0,,,,,,
test-idm-integration-shift-wt,382.0,1.0,2.0,1.0,,20.0,,,,,,
test-idm-integration-shift-wt,382.0,2.0,1.0,1.0,10.0,42.0,2.0,210.0,210.0,210.0,26.0,5460.0
test-idm-integration-shift-wt,382.0,2.0,2.0,1.0,10.0,20.0,1.0,200.0,200.0,200.0,7.0,1400.0
test-idm-integration-shift-wt,391.0,1.0,,,,,3.0,84.0,123.56,140.0,218.0,26936.0
test-idm-integration-shift-wt,391.0,2.0,,,,,5.0,84.0,84.0,84.0,360.0,30240.0
test-idm-integration-shift-wt,391.0,1.0,1.0,1.0,6.0,42.0,3.0,84.0,84.0,84.0,64.0,5376.0
test-idm-integration-shift-wt,391.0,1.0,1.0,1.0,10.0,42.0,3.0,140.0,140.0,140.0,154.0,21560.0
test-idm-integration-shift-wt,391.0,1.0,2.0,1.0,,20.0,,,,,,
test-idm-integration-shift-wt,391.0,2.0,1.0,1.0,10.0,42.0,5.0,84.0,84.0,84.0,360.0,30240.0
test-idm-integration-shift-wt,391.0,2.0,2.0,1.0,,20.0,,,,,,
test-idm-integration-shift-wt,393.0,1.0,1.0,1.0,,42.0,,,,,,
test-idm-integration-shift-wt,393.0,1.0,2.0,1.0,,20.0,,,,,,
test-idm-integration-shift-wt,393.0,2.0,1.0,1.0,,42.0,,,,,,
test-idm-integration-shift-wt,393.0,2.0,2.0,1.0,,20.0,,,,,,
test-idm-integration-shift-wt,401.0,1.0,1.0,1.0,,42.0,,,,,,
test-idm-integration-shift-wt,401.0,1.0,2.0,1.0,,20.0,,,,,,
test-idm-integration-shift-wt,401.0,2.0,1.0,1.0,,42.0,,,,,,
