FLOW,sum_prior_wt,sum_imbal_wt
1,2720491.7721,2819287.8345
2,6946336.7239,6847540.6615
3,4435729.3828,4370203.1354
4,5739464.9551,5804991.2025
5,643577.19707,697476.17213
6,909213.38473,855314.40968
7,894635.24705,860492.26409
8,734161.61509,768304.59805
