RUN_ID,FLOW,SUM_PRIOR_WT,SUM_IMBAL_WT
test-main,1,2145915.55,2242668.393
test-main,2,5912297.674,5815567.854
test-main,3,4066587.873,4009813.621
test-main,4,3270091.927,3326866.179
test-main,5,631048.007,684346.666
test-main,6,1124226.082,1070927.423
test-main,7,936176.303,911057.857
test-main,8,552936.752,574660.955
